// Jest Snapshot v1, https://goo.gl/fbAQLP

exports[`Edit page renders correctly 1`] = `
<Router>
  <Layout>
    <header>
      <h2
        className="title is-3 has-text-centered"
      >
        Edit Post
      </h2>
    </header>
    <PostLoader
      onRender={[Function]}
    />
  </Layout>
</Router>
`;

exports[`Edit page renders the edit post form correctly 1`] = `
<EditPost
  post={
    Object {
      "title": "Test Title",
    }
  }
/>
`;
