// Jest Snapshot v1, https://goo.gl/fbAQLP

exports[`Header renders correctly 1`] = `
<header>
  <Menu />
  <br />
  <h1
    className="title is-1 has-text-centered"
  >
    EDNA Blog
  </h1>
  <p
    className="subtitle has-text-centered"
  >
    (E)very (D)eveloper (N)eeds (A) blog
  </p>
</header>
`;
