// Jest Snapshot v1, https://goo.gl/fbAQLP

exports[`Header renders correctly 1`] = `
<header>
  <Menu />
  <div
    className="banner"
  >
    <h1
      className="title is-1 has-text-centered"
    >
      <a
        href="/"
      >
        <i
          className="fas fa-laptop-code"
        />
        Edna Blog
      </a>
    </h1>
    <p
      className="subtitle has-text-centered"
    >
      (E)very (D)eveloper (N)eeds (A) blog
    </p>
  </div>
</header>
`;
