// Jest Snapshot v1, https://goo.gl/fbAQLP

exports[`Markdown renders correctly 1`] = `
<div
  className="markdown"
  dangerouslySetInnerHTML={
    Object {
      "__html": "<h3 class=\\"title is-3\\">Header</h3><ul>
<li>List<ul>
<li>Top 1</li>
<li>Top 2</li>
<li>Top 3</li>
</ul>
</li>
</ul>
",
    }
  }
/>
`;
